-- The C compiler identification is GNU 11.4.0
-- The CXX compiler identification is GNU 11.4.0
-- Detecting C compiler ABI info
-- Detecting C compiler ABI info - done
-- Check for working C compiler: /usr/bin/cc - skipped
-- Detecting C compile features
-- Detecting C compile features - done
-- Detecting CXX compiler ABI info
-- Detecting CXX compiler ABI info - done
-- Check for working CXX compiler: /usr/bin/c++ - skipped
-- Detecting CXX compile features
-- Detecting CXX compile features - done
-- Found ament_cmake: 1.3.14 (/opt/ros/humble/share/ament_cmake/cmake)
-- Found Python3: /usr/bin/python3 (found version "3.10.12") found components: Interpreter 
-- Found ament_lint_auto: 0.12.15 (/opt/ros/humble/share/ament_lint_auto/cmake)
-- Added test 'copyright' to check source files copyright and LICENSE
-- Added test 'flake8' to check Python code syntax and style conventions
-- Added test 'lint_cmake' to check CMake code style
-- Added test 'pep257' to check Python code against some of the docstring style conventions in PEP 257
-- Added test 'xmllint' to check XML markup files
-- Configuring done
-- Generating done
-- Build files have been written to: /home/din/local/dif_bot_one/ros_ws/build/my_robot_description
-- Install configuration: ""
-- Installing: /home/din/local/dif_bot_one/ros_ws/install/my_robot_description/share/my_robot_description/config
-- Installing: /home/din/local/dif_bot_one/ros_ws/install/my_robot_description/share/my_robot_description/urdf
-- Installing: /home/din/local/dif_bot_one/ros_ws/install/my_robot_description/share/my_robot_description/urdf/depth_camera.xacro
-- Installing: /home/din/local/dif_bot_one/ros_ws/install/my_robot_description/share/my_robot_description/urdf/lidar.xacro
-- Installing: /home/din/local/dif_bot_one/ros_ws/install/my_robot_description/share/my_robot_description/urdf/robot_core.xacro
-- Installing: /home/din/local/dif_bot_one/ros_ws/install/my_robot_description/share/my_robot_description/urdf/camera.xacro
-- Installing: /home/din/local/dif_bot_one/ros_ws/install/my_robot_description/share/my_robot_description/urdf/my_robot.urdf.xacro
-- Installing: /home/din/local/dif_bot_one/ros_ws/install/my_robot_description/share/my_robot_description/urdf/inertial_macros.xacro
-- Installing: /home/din/local/dif_bot_one/ros_ws/install/my_robot_description/share/my_robot_description/urdf/gazebo_control.xacro
-- Installing: /home/din/local/dif_bot_one/ros_ws/install/my_robot_description/share/my_robot_description/launch
-- Installing: /home/din/local/dif_bot_one/ros_ws/install/my_robot_description/share/my_robot_description/launch/gazebo.launch.py
-- Installing: /home/din/local/dif_bot_one/ros_ws/install/my_robot_description/share/my_robot_description/worlds
-- Installing: /home/din/local/dif_bot_one/ros_ws/install/my_robot_description/share/my_robot_description/worlds/obstacles.world
-- Installing: /home/din/local/dif_bot_one/ros_ws/install/my_robot_description/share/ament_index/resource_index/package_run_dependencies/my_robot_description
-- Installing: /home/din/local/dif_bot_one/ros_ws/install/my_robot_description/share/ament_index/resource_index/parent_prefix_path/my_robot_description
-- Installing: /home/din/local/dif_bot_one/ros_ws/install/my_robot_description/share/my_robot_description/environment/ament_prefix_path.sh
-- Installing: /home/din/local/dif_bot_one/ros_ws/install/my_robot_description/share/my_robot_description/environment/ament_prefix_path.dsv
-- Installing: /home/din/local/dif_bot_one/ros_ws/install/my_robot_description/share/my_robot_description/environment/path.sh
-- Installing: /home/din/local/dif_bot_one/ros_ws/install/my_robot_description/share/my_robot_description/environment/path.dsv
-- Installing: /home/din/local/dif_bot_one/ros_ws/install/my_robot_description/share/my_robot_description/local_setup.bash
-- Installing: /home/din/local/dif_bot_one/ros_ws/install/my_robot_description/share/my_robot_description/local_setup.sh
-- Installing: /home/din/local/dif_bot_one/ros_ws/install/my_robot_description/share/my_robot_description/local_setup.zsh
-- Installing: /home/din/local/dif_bot_one/ros_ws/install/my_robot_description/share/my_robot_description/local_setup.dsv
-- Installing: /home/din/local/dif_bot_one/ros_ws/install/my_robot_description/share/my_robot_description/package.dsv
-- Installing: /home/din/local/dif_bot_one/ros_ws/install/my_robot_description/share/ament_index/resource_index/packages/my_robot_description
-- Installing: /home/din/local/dif_bot_one/ros_ws/install/my_robot_description/share/my_robot_description/cmake/my_robot_descriptionConfig.cmake
-- Installing: /home/din/local/dif_bot_one/ros_ws/install/my_robot_description/share/my_robot_description/cmake/my_robot_descriptionConfig-version.cmake
-- Installing: /home/din/local/dif_bot_one/ros_ws/install/my_robot_description/share/my_robot_description/package.xml
