[0.009s] Invoking command in '/home/din/local/dif_bot_one/ros_ws/build/my_robot_description': CMAKE_PREFIX_PATH=${CMAKE_PREFIX_PATH}:/opt/ros/humble /usr/bin/cmake /home/din/local/dif_bot_one/ros_ws/src/my_robot_description -DCMAKE_INSTALL_PREFIX=/home/din/local/dif_bot_one/ros_ws/install/my_robot_description
[0.058s] -- The C compiler identification is GNU 11.4.0
[0.108s] -- The CXX compiler identification is GNU 11.4.0
[0.115s] -- Detecting C compiler ABI info
[0.179s] -- Detecting C compiler ABI info - done
[0.185s] -- Check for working C compiler: /usr/bin/cc - skipped
[0.186s] -- Detecting C compile features
[0.186s] -- Detecting C compile features - done
[0.189s] -- Detecting CXX compiler ABI info
[0.260s] -- Detecting CXX compiler ABI info - done
[0.267s] -- Check for working CXX compiler: /usr/bin/c++ - skipped
[0.268s] -- Detecting CXX compile features
[0.268s] -- Detecting CXX compile features - done
[0.271s] -- Found ament_cmake: 1.3.14 (/opt/ros/humble/share/ament_cmake/cmake)
[0.405s] -- Found Python3: /usr/bin/python3 (found version "3.10.12") found components: Interpreter 
[0.486s] -- Found ament_lint_auto: 0.12.15 (/opt/ros/humble/share/ament_lint_auto/cmake)
[0.559s] -- Added test 'copyright' to check source files copyright and LICENSE
[0.562s] -- Added test 'flake8' to check Python code syntax and style conventions
[0.562s] -- Added test 'lint_cmake' to check CMake code style
[0.563s] -- Added test 'pep257' to check Python code against some of the docstring style conventions in PEP 257
[0.564s] -- Added test 'xmllint' to check XML markup files
[0.565s] -- Configuring done
[0.568s] -- Generating done
[0.570s] -- Build files have been written to: /home/din/local/dif_bot_one/ros_ws/build/my_robot_description
[0.575s] Invoked command in '/home/din/local/dif_bot_one/ros_ws/build/my_robot_description' returned '0': CMAKE_PREFIX_PATH=${CMAKE_PREFIX_PATH}:/opt/ros/humble /usr/bin/cmake /home/din/local/dif_bot_one/ros_ws/src/my_robot_description -DCMAKE_INSTALL_PREFIX=/home/din/local/dif_bot_one/ros_ws/install/my_robot_description
[0.576s] Invoking command in '/home/din/local/dif_bot_one/ros_ws/build/my_robot_description': CMAKE_PREFIX_PATH=${CMAKE_PREFIX_PATH}:/opt/ros/humble /usr/bin/cmake --build /home/din/local/dif_bot_one/ros_ws/build/my_robot_description -- -j8 -l8
[0.608s] Invoked command in '/home/din/local/dif_bot_one/ros_ws/build/my_robot_description' returned '0': CMAKE_PREFIX_PATH=${CMAKE_PREFIX_PATH}:/opt/ros/humble /usr/bin/cmake --build /home/din/local/dif_bot_one/ros_ws/build/my_robot_description -- -j8 -l8
[0.617s] Invoking command in '/home/din/local/dif_bot_one/ros_ws/build/my_robot_description': CMAKE_PREFIX_PATH=${CMAKE_PREFIX_PATH}:/opt/ros/humble /usr/bin/cmake --install /home/din/local/dif_bot_one/ros_ws/build/my_robot_description
[0.623s] -- Install configuration: ""
[0.623s] -- Installing: /home/din/local/dif_bot_one/ros_ws/install/my_robot_description/share/my_robot_description/config
[0.623s] -- Installing: /home/din/local/dif_bot_one/ros_ws/install/my_robot_description/share/my_robot_description/urdf
[0.623s] -- Installing: /home/din/local/dif_bot_one/ros_ws/install/my_robot_description/share/my_robot_description/urdf/depth_camera.xacro
[0.623s] -- Installing: /home/din/local/dif_bot_one/ros_ws/install/my_robot_description/share/my_robot_description/urdf/lidar.xacro
[0.623s] -- Installing: /home/din/local/dif_bot_one/ros_ws/install/my_robot_description/share/my_robot_description/urdf/robot_core.xacro
[0.623s] -- Installing: /home/din/local/dif_bot_one/ros_ws/install/my_robot_description/share/my_robot_description/urdf/camera.xacro
[0.623s] -- Installing: /home/din/local/dif_bot_one/ros_ws/install/my_robot_description/share/my_robot_description/urdf/my_robot.urdf.xacro
[0.624s] -- Installing: /home/din/local/dif_bot_one/ros_ws/install/my_robot_description/share/my_robot_description/urdf/inertial_macros.xacro
[0.624s] -- Installing: /home/din/local/dif_bot_one/ros_ws/install/my_robot_description/share/my_robot_description/urdf/gazebo_control.xacro
[0.624s] -- Installing: /home/din/local/dif_bot_one/ros_ws/install/my_robot_description/share/my_robot_description/launch
[0.624s] -- Installing: /home/din/local/dif_bot_one/ros_ws/install/my_robot_description/share/my_robot_description/launch/gazebo.launch.py
[0.624s] -- Installing: /home/din/local/dif_bot_one/ros_ws/install/my_robot_description/share/my_robot_description/worlds
[0.624s] -- Installing: /home/din/local/dif_bot_one/ros_ws/install/my_robot_description/share/my_robot_description/worlds/obstacles.world
[0.624s] -- Installing: /home/din/local/dif_bot_one/ros_ws/install/my_robot_description/share/ament_index/resource_index/package_run_dependencies/my_robot_description
[0.624s] -- Installing: /home/din/local/dif_bot_one/ros_ws/install/my_robot_description/share/ament_index/resource_index/parent_prefix_path/my_robot_description
[0.624s] -- Installing: /home/din/local/dif_bot_one/ros_ws/install/my_robot_description/share/my_robot_description/environment/ament_prefix_path.sh
[0.625s] -- Installing: /home/din/local/dif_bot_one/ros_ws/install/my_robot_description/share/my_robot_description/environment/ament_prefix_path.dsv
[0.625s] -- Installing: /home/din/local/dif_bot_one/ros_ws/install/my_robot_description/share/my_robot_description/environment/path.sh
[0.625s] -- Installing: /home/din/local/dif_bot_one/ros_ws/install/my_robot_description/share/my_robot_description/environment/path.dsv
[0.625s] -- Installing: /home/din/local/dif_bot_one/ros_ws/install/my_robot_description/share/my_robot_description/local_setup.bash
[0.625s] -- Installing: /home/din/local/dif_bot_one/ros_ws/install/my_robot_description/share/my_robot_description/local_setup.sh
[0.625s] -- Installing: /home/din/local/dif_bot_one/ros_ws/install/my_robot_description/share/my_robot_description/local_setup.zsh
[0.625s] -- Installing: /home/din/local/dif_bot_one/ros_ws/install/my_robot_description/share/my_robot_description/local_setup.dsv
[0.625s] -- Installing: /home/din/local/dif_bot_one/ros_ws/install/my_robot_description/share/my_robot_description/package.dsv
[0.626s] -- Installing: /home/din/local/dif_bot_one/ros_ws/install/my_robot_description/share/ament_index/resource_index/packages/my_robot_description
[0.626s] -- Installing: /home/din/local/dif_bot_one/ros_ws/install/my_robot_description/share/my_robot_description/cmake/my_robot_descriptionConfig.cmake
[0.626s] -- Installing: /home/din/local/dif_bot_one/ros_ws/install/my_robot_description/share/my_robot_description/cmake/my_robot_descriptionConfig-version.cmake
[0.626s] -- Installing: /home/din/local/dif_bot_one/ros_ws/install/my_robot_description/share/my_robot_description/package.xml
[0.628s] Invoked command in '/home/din/local/dif_bot_one/ros_ws/build/my_robot_description' returned '0': CMAKE_PREFIX_PATH=${CMAKE_PREFIX_PATH}:/opt/ros/humble /usr/bin/cmake --install /home/din/local/dif_bot_one/ros_ws/build/my_robot_description
