[0.016s] Invoking command in '/home/din/local/dif_bot_one/ros_ws/build/my_robot_description': CMAKE_PREFIX_PATH=/opt/ros/humble /usr/bin/cmake --build /home/din/local/dif_bot_one/ros_ws/build/my_robot_description -- -j8 -l8
[0.088s] Invoked command in '/home/din/local/dif_bot_one/ros_ws/build/my_robot_description' returned '0': CMAKE_PREFIX_PATH=/opt/ros/humble /usr/bin/cmake --build /home/din/local/dif_bot_one/ros_ws/build/my_robot_description -- -j8 -l8
[0.097s] Invoking command in '/home/din/local/dif_bot_one/ros_ws/build/my_robot_description': CMAKE_PREFIX_PATH=/opt/ros/humble /usr/bin/cmake --install /home/din/local/dif_bot_one/ros_ws/build/my_robot_description
[0.106s] -- Install configuration: ""
[0.107s] -- Up-to-date: /home/din/local/dif_bot_one/ros_ws/install/my_robot_description/share/my_robot_description/config
[0.107s] -- Installing: /home/din/local/dif_bot_one/ros_ws/install/my_robot_description/share/my_robot_description/config/robot_view.rviz
[0.107s] -- Up-to-date: /home/din/local/dif_bot_one/ros_ws/install/my_robot_description/share/my_robot_description/urdf
[0.107s] -- Up-to-date: /home/din/local/dif_bot_one/ros_ws/install/my_robot_description/share/my_robot_description/urdf/lidar.xacro
[0.108s] -- Up-to-date: /home/din/local/dif_bot_one/ros_ws/install/my_robot_description/share/my_robot_description/urdf/robot_core.xacro
[0.108s] -- Up-to-date: /home/din/local/dif_bot_one/ros_ws/install/my_robot_description/share/my_robot_description/urdf/camera.xacro
[0.108s] -- Installing: /home/din/local/dif_bot_one/ros_ws/install/my_robot_description/share/my_robot_description/urdf/robot.urdf.xacro
[0.108s] -- Up-to-date: /home/din/local/dif_bot_one/ros_ws/install/my_robot_description/share/my_robot_description/urdf/inertial_macros.xacro
[0.108s] -- Up-to-date: /home/din/local/dif_bot_one/ros_ws/install/my_robot_description/share/my_robot_description/urdf/gazebo_control.xacro
[0.108s] -- Up-to-date: /home/din/local/dif_bot_one/ros_ws/install/my_robot_description/share/my_robot_description/launch
[0.108s] -- Up-to-date: /home/din/local/dif_bot_one/ros_ws/install/my_robot_description/share/my_robot_description/launch/launch_sim.launch.py
[0.108s] -- Up-to-date: /home/din/local/dif_bot_one/ros_ws/install/my_robot_description/share/my_robot_description/launch/rsp.launch.py
[0.108s] -- Up-to-date: /home/din/local/dif_bot_one/ros_ws/install/my_robot_description/share/my_robot_description/worlds
[0.108s] -- Up-to-date: /home/din/local/dif_bot_one/ros_ws/install/my_robot_description/share/my_robot_description/worlds/table
[0.108s] -- Up-to-date: /home/din/local/dif_bot_one/ros_ws/install/my_robot_description/share/my_robot_description/worlds/empty.world
[0.108s] -- Up-to-date: /home/din/local/dif_bot_one/ros_ws/install/my_robot_description/share/my_robot_description/worlds/obstacles.world
[0.108s] -- Up-to-date: /home/din/local/dif_bot_one/ros_ws/install/my_robot_description/share/ament_index/resource_index/package_run_dependencies/my_robot_description
[0.108s] -- Up-to-date: /home/din/local/dif_bot_one/ros_ws/install/my_robot_description/share/ament_index/resource_index/parent_prefix_path/my_robot_description
[0.109s] -- Up-to-date: /home/din/local/dif_bot_one/ros_ws/install/my_robot_description/share/my_robot_description/environment/ament_prefix_path.sh
[0.109s] -- Up-to-date: /home/din/local/dif_bot_one/ros_ws/install/my_robot_description/share/my_robot_description/environment/ament_prefix_path.dsv
[0.109s] -- Up-to-date: /home/din/local/dif_bot_one/ros_ws/install/my_robot_description/share/my_robot_description/environment/path.sh
[0.109s] -- Up-to-date: /home/din/local/dif_bot_one/ros_ws/install/my_robot_description/share/my_robot_description/environment/path.dsv
[0.109s] -- Up-to-date: /home/din/local/dif_bot_one/ros_ws/install/my_robot_description/share/my_robot_description/local_setup.bash
[0.109s] -- Up-to-date: /home/din/local/dif_bot_one/ros_ws/install/my_robot_description/share/my_robot_description/local_setup.sh
[0.109s] -- Up-to-date: /home/din/local/dif_bot_one/ros_ws/install/my_robot_description/share/my_robot_description/local_setup.zsh
[0.109s] -- Up-to-date: /home/din/local/dif_bot_one/ros_ws/install/my_robot_description/share/my_robot_description/local_setup.dsv
[0.109s] -- Installing: /home/din/local/dif_bot_one/ros_ws/install/my_robot_description/share/my_robot_description/package.dsv
[0.109s] -- Up-to-date: /home/din/local/dif_bot_one/ros_ws/install/my_robot_description/share/ament_index/resource_index/packages/my_robot_description
[0.109s] -- Up-to-date: /home/din/local/dif_bot_one/ros_ws/install/my_robot_description/share/my_robot_description/cmake/my_robot_descriptionConfig.cmake
[0.109s] -- Up-to-date: /home/din/local/dif_bot_one/ros_ws/install/my_robot_description/share/my_robot_description/cmake/my_robot_descriptionConfig-version.cmake
[0.109s] -- Up-to-date: /home/din/local/dif_bot_one/ros_ws/install/my_robot_description/share/my_robot_description/package.xml
[0.111s] Invoked command in '/home/din/local/dif_bot_one/ros_ws/build/my_robot_description' returned '0': CMAKE_PREFIX_PATH=/opt/ros/humble /usr/bin/cmake --install /home/din/local/dif_bot_one/ros_ws/build/my_robot_description
