-- Found ament_cmake: 1.3.14 (/opt/ros/humble/share/ament_cmake/cmake)
-- Override CMake install command with custom implementation using symlinks instead of copying resources
-- Found ament_lint_auto: 0.12.15 (/opt/ros/humble/share/ament_lint_auto/cmake)
-- Added test 'copyright' to check source files copyright and LICENSE
-- Added test 'flake8' to check Python code syntax and style conventions
-- Added test 'lint_cmake' to check CMake code style
-- Added test 'pep257' to check Python code against some of the docstring style conventions in PEP 257
-- Added test 'xmllint' to check XML markup files
-- Configuring done
-- Generating done
-- Build files have been written to: /home/din/local/dif_bot_one/ros_ws/build/my_robot_description
-- Install configuration: ""
-- Execute custom install script
-- Symlinking: /home/din/local/dif_bot_one/ros_ws/install/my_robot_description/share/my_robot_description/config/gazebo_params.yaml
-- Symlinking: /home/din/local/dif_bot_one/ros_ws/install/my_robot_description/share/my_robot_description/config/my_controllers.yaml
-- Symlinking: /home/din/local/dif_bot_one/ros_ws/install/my_robot_description/share/my_robot_description/config/robot_view.rviz
-- Symlinking: /home/din/local/dif_bot_one/ros_ws/install/my_robot_description/share/my_robot_description/urdf/camera.xacro
-- Symlinking: /home/din/local/dif_bot_one/ros_ws/install/my_robot_description/share/my_robot_description/urdf/gazebo_control.xacro
-- Symlinking: /home/din/local/dif_bot_one/ros_ws/install/my_robot_description/share/my_robot_description/urdf/inertial_macros.xacro
-- Symlinking: /home/din/local/dif_bot_one/ros_ws/install/my_robot_description/share/my_robot_description/urdf/lidar.xacro
-- Symlinking: /home/din/local/dif_bot_one/ros_ws/install/my_robot_description/share/my_robot_description/urdf/robot.urdf.xacro
-- Symlinking: /home/din/local/dif_bot_one/ros_ws/install/my_robot_description/share/my_robot_description/urdf/robot_core.xacro
-- Symlinking: /home/din/local/dif_bot_one/ros_ws/install/my_robot_description/share/my_robot_description/urdf/ros2_control.xacro
-- Symlinking: /home/din/local/dif_bot_one/ros_ws/install/my_robot_description/share/my_robot_description/launch/launch_sim.launch.py
-- Symlinking: /home/din/local/dif_bot_one/ros_ws/install/my_robot_description/share/my_robot_description/launch/rsp.launch.py
-- Symlinking: /home/din/local/dif_bot_one/ros_ws/install/my_robot_description/share/my_robot_description/worlds/empty.world
-- Symlinking: /home/din/local/dif_bot_one/ros_ws/install/my_robot_description/share/my_robot_description/worlds/obstacles.world
-- Symlinking: /home/din/local/dif_bot_one/ros_ws/install/my_robot_description/share/my_robot_description/worlds/table.world
-- Symlinking: /home/din/local/dif_bot_one/ros_ws/install/my_robot_description/share/ament_index/resource_index/package_run_dependencies/my_robot_description
-- Symlinking: /home/din/local/dif_bot_one/ros_ws/install/my_robot_description/share/ament_index/resource_index/parent_prefix_path/my_robot_description
-- Symlinking: /home/din/local/dif_bot_one/ros_ws/install/my_robot_description/share/my_robot_description/environment/ament_prefix_path.sh
-- Symlinking: /home/din/local/dif_bot_one/ros_ws/install/my_robot_description/share/my_robot_description/environment/ament_prefix_path.dsv
-- Symlinking: /home/din/local/dif_bot_one/ros_ws/install/my_robot_description/share/my_robot_description/environment/path.sh
-- Symlinking: /home/din/local/dif_bot_one/ros_ws/install/my_robot_description/share/my_robot_description/environment/path.dsv
-- Symlinking: /home/din/local/dif_bot_one/ros_ws/install/my_robot_description/share/my_robot_description/local_setup.bash
-- Symlinking: /home/din/local/dif_bot_one/ros_ws/install/my_robot_description/share/my_robot_description/local_setup.sh
-- Symlinking: /home/din/local/dif_bot_one/ros_ws/install/my_robot_description/share/my_robot_description/local_setup.zsh
-- Symlinking: /home/din/local/dif_bot_one/ros_ws/install/my_robot_description/share/my_robot_description/local_setup.dsv
-- Symlinking: /home/din/local/dif_bot_one/ros_ws/install/my_robot_description/share/my_robot_description/package.dsv
-- Symlinking: /home/din/local/dif_bot_one/ros_ws/install/my_robot_description/share/ament_index/resource_index/packages/my_robot_description
-- Symlinking: /home/din/local/dif_bot_one/ros_ws/install/my_robot_description/share/my_robot_description/cmake/my_robot_descriptionConfig.cmake
-- Symlinking: /home/din/local/dif_bot_one/ros_ws/install/my_robot_description/share/my_robot_description/cmake/my_robot_descriptionConfig-version.cmake
-- Symlinking: /home/din/local/dif_bot_one/ros_ws/install/my_robot_description/share/my_robot_description/package.xml
